11-12 23:46:33.396  1513  1513 I DeviceModeUtil: DeviceModeUtil.getDeviceMode():122 Get device mode phone by ui mode:1 and smallestScreenWidthDp:393
11-12 23:46:33.403  1513  1513 I DeviceModeUtil: DeviceModeUtil.getDeviceMode():122 Get device mode phone by ui mode:1 and smallestScreenWidthDp:393
11-12 23:46:33.447 11598 11598 D BoundBrokerSvc: onBind: Intent { act=com.google.android.gms.common.BIND_SHARED_PREFS pkg=com.google.android.gms }
11-12 23:46:33.447 11598 11598 D BoundBrokerSvc: Loading bound service for intent: Intent { act=com.google.android.gms.common.BIND_SHARED_PREFS pkg=com.google.android.gms }
11-12 23:46:33.461 11598 11598 D BoundBrokerSvc: onUnbind: Intent { act=com.google.android.gms.common.BIND_SHARED_PREFS pkg=com.google.android.gms }
11-12 23:46:33.480 26868 26868 D InsetsController: show(ime(), fromIme=true)
11-12 23:46:33.720 26868 26868 I ImeTracker: com.pedro.gestaoresiduos:67171919: onShown
11-12 23:46:33.735   889   976 D EGL_emulation: app_time_stats: avg=10.97ms min=2.28ms max=70.72ms count=53
11-12 23:46:33.809 26868 26868 I ViewInteraction: Performing 'close keyboard' action on view view.getId() is <2131230908/com.pedro.gestaoresiduos:id/etSenha>
11-12 23:46:33.811 26868 26868 D IdlingRegistry: Registering idling resources: [androidx.test.espresso.action.CloseKeyboardAction$CloseKeyboardIdlingResult@48d665c]
11-12 23:46:33.815 26868 26868 I ImeTracker: com.pedro.gestaoresiduos:c5f8d64c: onRequestHide at ORIGIN_CLIENT_HIDE_SOFT_INPUT reason HIDE_SOFT_INPUT
11-12 23:46:33.820  1513  1513 I GoogleInputMethodService: GoogleInputMethodService.onFinishInputView():2241
11-12 23:46:33.822  1513  1513 W TooltipLifecycleManager: TooltipLifecycleManager.dismissTooltips():159 Tooltip with id spell_check_add_to_dictionary not found in tooltipManager.
11-12 23:46:33.828  1513  1513 I AndroidIME: AbstractIme.onDeactivate():207 PasswordIme.onDeactivate()
11-12 23:46:33.856 26868 26868 W WindowOnBackDispatcher: sendCancelIfRunning: isInProgress=falsecallback=ImeCallback=ImeOnBackInvokedCallback@123799275 Callback=android.window.IOnBackInvokedCallback$Stub$Proxy@11516eb
11-12 23:46:34.059 26868 26868 I ImeTracker: com.pedro.gestaoresiduos:f9ffb2e: onRequestHide at ORIGIN_CLIENT_HIDE_SOFT_INPUT reason HIDE_SOFT_INPUT_BY_INSETS_API
11-12 23:46:34.062   594  1878 I ImeTracker: com.pedro.gestaoresiduos:f9ffb2e: onCancelled at PHASE_SERVER_SHOULD_HIDE
11-12 23:46:34.071 26868 26868 I ImeTracker: com.pedro.gestaoresiduos:c5f8d64c: onHidden
11-12 23:46:34.163 26868 26868 D IdlingRegistry: Unregistering idling resources: [androidx.test.espresso.action.CloseKeyboardAction$CloseKeyboardIdlingResult@48d665c]
11-12 23:46:34.177 26868 26868 I ViewInteraction: Performing 'single click' action on view view.getId() is <2131230823/com.pedro.gestaoresiduos:id/btnEntrar>
11-12 23:46:34.186  8281  8281 D TaplEvents: TIS / TouchInteractionService.onInputEvent: MotionEvent { action=ACTION_DOWN, actionButton=0, id[0]=0, x[0]=539.5, y[0]=740.5, toolType[0]=TOOL_TYPE_UNKNOWN, buttonState=BUTTON_PRIMARY, classification=NONE, metaState=0, flags=0x0, edgeFlags=0x0, pointerCount=1, historySize=0, eventTime=11247459, downTime=11247459, deviceId=-1, source=0x1002, displayId=0, eventId=-136294957 }
11-12 23:46:34.380 26868 26918 D EGL_emulation: app_time_stats: avg=203.24ms min=56.46ms max=593.28ms count=5
11-12 23:46:34.430  8281  8281 D TaplEvents: TIS / TouchInteractionService.onInputEvent: MotionEvent { action=ACTION_UP, actionButton=0, id[0]=0, x[0]=539.5, y[0]=740.5, toolType[0]=TOOL_TYPE_UNKNOWN, buttonState=BUTTON_PRIMARY, classification=NONE, metaState=0, flags=0x0, edgeFlags=0x0, pointerCount=1, historySize=0, eventTime=11247702, downTime=11247459, deviceId=-1, source=0x1002, displayId=0, eventId=-585573405 }
11-12 23:46:34.529 26868 26868 D LoginActivity: email='teste@exemplo.com' senhaLen=4
11-12 23:46:34.743   889   976 D EGL_emulation: app_time_stats: avg=8.20ms min=2.93ms max=41.06ms count=50
11-12 23:46:34.820 26868 26868 D LifecycleMonitor: Lifecycle status change: com.pedro.gestaoresiduos.ui.login.LoginActivity@6e9729f in: PAUSED
11-12 23:46:34.821 26868 26868 V ActivityScenario: Update currentActivityStage to PAUSED, currentActivity=com.pedro.gestaoresiduos.ui.login.LoginActivity@6e9729f
11-12 23:46:34.850   421   421 I BpBinder: onLastStrongRef automatically unlinking death recipients:
11-12 23:46:34.957 26868 26868 D LifecycleMonitor: Lifecycle status change: com.pedro.gestaoresiduos.ui.home.HomeActivity@46b66b6 in: PRE_ON_CREATE
11-12 23:46:34.960 26868 26868 V ActivityScenario: Activity lifecycle changed event received but ignored because the intent does not match. startActivityIntent=Intent { act=android.intent.action.MAIN cat=[android.intent.category.LAUNCHER] flg=0x10008000 cmp=com.pedro.gestaoresiduos/.ui.login.LoginActivity }, activity.getIntent()=Intent { cmp=com.pedro.gestaoresiduos/.ui.home.HomeActivity }, activity=com.pedro.gestaoresiduos.ui.home.HomeActivity@46b66b6
11-12 23:46:35.253 26868 26868 D LifecycleMonitor: Lifecycle status change: com.pedro.gestaoresiduos.ui.home.HomeActivity@46b66b6 in: CREATED
11-12 23:46:35.257 26868 26868 V ActivityScenario: Activity lifecycle changed event received but ignored because the intent does not match. startActivityIntent=Intent { act=android.intent.action.MAIN cat=[android.intent.category.LAUNCHER] flg=0x10008000 cmp=com.pedro.gestaoresiduos/.ui.login.LoginActivity }, activity.getIntent()=Intent { cmp=com.pedro.gestaoresiduos/.ui.home.HomeActivity }, activity=com.pedro.gestaoresiduos.ui.home.HomeActivity@46b66b6
11-12 23:46:35.279 26868 26868 D LifecycleMonitor: Lifecycle status change: com.pedro.gestaoresiduos.ui.home.HomeActivity@46b66b6 in: STARTED
11-12 23:46:35.285 26868 26868 V ActivityScenario: Activity lifecycle changed event received but ignored because the intent does not match. startActivityIntent=Intent { act=android.intent.action.MAIN cat=[android.intent.category.LAUNCHER] flg=0x10008000 cmp=com.pedro.gestaoresiduos/.ui.login.LoginActivity }, activity.getIntent()=Intent { cmp=com.pedro.gestaoresiduos/.ui.home.HomeActivity }, activity=com.pedro.gestaoresiduos.ui.home.HomeActivity@46b66b6
11-12 23:46:35.293 26868 26868 D LifecycleMonitor: Lifecycle status change: com.pedro.gestaoresiduos.ui.home.HomeActivity@46b66b6 in: RESUMED
11-12 23:46:35.294 26868 26868 V ActivityScenario: Activity lifecycle changed event received but ignored because the intent does not match. startActivityIntent=Intent { act=android.intent.action.MAIN cat=[android.intent.category.LAUNCHER] flg=0x10008000 cmp=com.pedro.gestaoresiduos/.ui.login.LoginActivity }, activity.getIntent()=Intent { cmp=com.pedro.gestaoresiduos/.ui.home.HomeActivity }, activity=com.pedro.gestaoresiduos.ui.home.HomeActivity@46b66b6
11-12 23:46:35.392 26868 26918 D EGL_emulation: app_time_stats: avg=16.89ms min=4.12ms max=117.78ms count=46
11-12 23:46:35.476   418   815 D audioserver: FGS Logger Transaction failed
11-12 23:46:35.479   418   815 D audioserver: -129
11-12 23:46:35.603 26868 26918 E OpenGLRenderer: Unable to match the desired swap behavior.
11-12 23:46:35.607   870   870 I wpa_supplicant: wlan0: CTRL-EVENT-BEACON-LOSS
11-12 23:46:35.782   889   889 D StatusBarIconController: ignoring old pipeline callback because the new wifi icon is enabled
11-12 23:46:35.858 26868 26901 I OpenGLRenderer: Davey! duration=928ms; Flags=1, FrameTimelineVsyncId=299901, IntendedVsync=11248158890712, Vsync=11248608890694, InputEventId=0, HandleInputStart=11248621283700, AnimationStart=11248621344700, PerformTraversalsStart=11248623060700, DrawStart=11248889017500, FrameDeadline=11248175557378, FrameInterval=11248620326400, FrameStartTime=16666666, SyncQueued=11249054368900, SyncStart=11249089505900, IssueDrawCommandsStart=11249089609800, SwapBuffers=11249093165500, FrameCompleted=11249122297500, DequeueBufferDuration=59500, QueueBufferDuration=772800, GpuCompleted=11249122297500, SwapBuffersCompleted=11249095610300, DisplayPresentTime=0, CommandSubmissionCompleted=11249093165500,
11-12 23:46:35.872   594   631 I ActivityTaskManager: Displayed com.pedro.gestaoresiduos/.ui.home.HomeActivity for user 0: +1s292ms
11-12 23:46:35.891   418   527 D AudioFlinger: mixer(0x722b5b3d4930) throttle end: throttle time(36)
11-12 23:46:35.901 26868 26868 I Choreographer: Skipped 33 frames!  The application may be doing too much work on its main thread.
11-12 23:46:36.041   418   527 D audioserver: FGS Logger Transaction failed
11-12 23:46:36.042   418   527 D audioserver: -129
11-12 23:46:36.087   889   889 D StatusBarIconController: ignoring old pipeline callbacks, because the new mobile icons are enabled
11-12 23:46:36.114   889   976 D EGL_emulation: app_time_stats: avg=2610.30ms min=23.36ms max=10309.36ms count=4
11-12 23:46:36.274 26868 26868 D RootViewPicker: Root not ready - waiting: 10ms for one to appear.
11-12 23:46:36.301 26868 26868 D RootViewPicker: Root not ready - waiting: 25ms for one to appear.
11-12 23:46:36.336 26868 26868 D RootViewPicker: Root not ready - waiting: 50ms for one to appear.
11-12 23:46:36.380   594   729 I ImeTracker: com.pedro.gestaoresiduos:2abbb730: onRequestHide at ORIGIN_SERVER_HIDE_INPUT reason HIDE_UNSPECIFIED_WINDOW
11-12 23:46:36.381   594   729 I ImeTracker: com.pedro.gestaoresiduos:2abbb730: onCancelled at PHASE_SERVER_SHOULD_HIDE
11-12 23:46:36.386  1513  1513 I GoogleInputMethodService: GoogleInputMethodService.onFinishInput():3227
11-12 23:46:36.393  1513  1513 I GoogleInputMethodService: GoogleInputMethodService.updateDeviceLockedStatus():2087 repeatCheckTimes = 0, unlocked = true
11-12 23:46:36.398  1513  1513 I GoogleInputMethodService: GoogleInputMethodService.onStartInput():1877 onStartInput(EditorInfo{inputType=0x0(NULL) imeOptions=0x0 privateImeOptions=null actionName=UNSPECIFIED actionLabel=null actionId=0 initialSelStart=-1 initialSelEnd=-1 initialCapsMode=0x0 hintText=null label=null packageName=com.pedro.gestaoresiduos fieldId=0 fieldName=null extras=null}, false)
11-12 23:46:36.400  1513  1513 I GoogleInputMethodService: GoogleInputMethodService.shouldHideHeaderOnInitialState():4008 ShouldHideHeaderOnInitialState = false
11-12 23:46:36.404  1513  1513 I GoogleInputMethodService: GoogleInputMethodService.updateDeviceLockedStatus():2087 repeatCheckTimes = 2, unlocked = true
11-12 23:46:36.412  1513  1513 I HardKeyTracker: HardKeyTracker.registerKeySequence():62 Register key sequence hox{callback=eac@507f41e, lastModifier=0, keyCodes=[57, 57], actions=[1, 0]}
11-12 23:46:36.416  1513  1513 I HardKeyTracker: HardKeyTracker.registerKeySequence():62 Register key sequence hox{callback=eac@f8fc915, lastModifier=0, keyCodes=[58, 58], actions=[1, 0]}
11-12 23:46:36.520 26868 26868 I ViewInteraction: Checking 'MatchesViewAssertion{viewMatcher=(view has effective visibility <VISIBLE> and view.getGlobalVisibleRect() to return non-empty rectangle)}' assertion on view an instance of android.widget.TextView and view.getText() with or without transformation to match: is "Calendrio"
11-12 23:46:36.545 26868 26868 I ViewInteraction: Performing 'single click' action on view view.getId() is <2131230822/com.pedro.gestaoresiduos:id/btnEducativo>
11-12 23:46:36.555  8281  8281 D TaplEvents: TIS / TouchInteractionService.onInputEvent: MotionEvent { action=ACTION_DOWN, actionButton=0, id[0]=0, x[0]=539.5, y[0]=1369.5, toolType[0]=TOOL_TYPE_UNKNOWN, buttonState=BUTTON_PRIMARY, classification=NONE, metaState=0, flags=0x0, edgeFlags=0x0, pointerCount=1, historySize=0, eventTime=11249827, downTime=11249827, deviceId=-1, source=0x1002, displayId=0, eventId=-296561899 }
11-12 23:46:36.569 26868 26868 D AutofillManager: Fill dialog is enabled:false, hints=[password, passwordAuto, creditCardNumber, creditCardSecurityCode, creditCardExpirationDate]
11-12 23:46:36.648  8281  8281 D TaplEvents: TIS / TouchInteractionService.onInputEvent: MotionEvent { action=ACTION_UP, actionButton=0, id[0]=0, x[0]=539.5, y[0]=1369.5, toolType[0]=TOOL_TYPE_UNKNOWN, buttonState=BUTTON_PRIMARY, classification=NONE, metaState=0, flags=0x0, edgeFlags=0x0, pointerCount=1, historySize=0, eventTime=11249920, downTime=11249827, deviceId=-1, source=0x1002, displayId=0, eventId=-594938706 }
11-12 23:46:36.659   418   815 D audioserver: FGS Logger Transaction failed
11-12 23:46:36.659   418   815 D audioserver: -129
11-12 23:46:36.689   418   527 D AudioFlinger: mixer(0x722b5b3d4930) throttle end: throttle time(23)
11-12 23:46:36.704 26868 26868 D LifecycleMonitor: Lifecycle status change: com.pedro.gestaoresiduos.ui.home.HomeActivity@46b66b6 in: PAUSED
11-12 23:46:36.706 26868 26868 V ActivityScenario: Activity lifecycle changed event received but ignored because the intent does not match. startActivityIntent=Intent { act=android.intent.action.MAIN cat=[android.intent.category.LAUNCHER] flg=0x10008000 cmp=com.pedro.gestaoresiduos/.ui.login.LoginActivity }, activity.getIntent()=Intent { cmp=com.pedro.gestaoresiduos/.ui.home.HomeActivity }, activity=com.pedro.gestaoresiduos.ui.home.HomeActivity@46b66b6
11-12 23:46:36.818 26868 26868 D LifecycleMonitor: Lifecycle status change: com.pedro.gestaoresiduos.ui.educativo.EducativoActivity@90786bd in: PRE_ON_CREATE
11-12 23:46:36.821 26868 26868 V ActivityScenario: Activity lifecycle changed event received but ignored because the intent does not match. startActivityIntent=Intent { act=android.intent.action.MAIN cat=[android.intent.category.LAUNCHER] flg=0x10008000 cmp=com.pedro.gestaoresiduos/.ui.login.LoginActivity }, activity.getIntent()=Intent { cmp=com.pedro.gestaoresiduos/.ui.educativo.EducativoActivity }, activity=com.pedro.gestaoresiduos.ui.educativo.EducativoActivity@90786bd
11-12 23:46:36.868 26868 26868 D CompatibilityChangeReporter: Compat change id reported: 171228096; UID 10220; state: ENABLED
11-12 23:46:36.895   418   527 D audioserver: FGS Logger Transaction failed
11-12 23:46:36.895   418   527 D audioserver: -129
11-12 23:46:36.922 26868 26868 D LifecycleMonitor: Lifecycle status change: com.pedro.gestaoresiduos.ui.educativo.EducativoActivity@90786bd in: CREATED
11-12 23:46:36.926 26868 26868 V ActivityScenario: Activity lifecycle changed event received but ignored because the intent does not match. startActivityIntent=Intent { act=android.intent.action.MAIN cat=[android.intent.category.LAUNCHER] flg=0x10008000 cmp=com.pedro.gestaoresiduos/.ui.login.LoginActivity }, activity.getIntent()=Intent { cmp=com.pedro.gestaoresiduos/.ui.educativo.EducativoActivity }, activity=com.pedro.gestaoresiduos.ui.educativo.EducativoActivity@90786bd
11-12 23:46:36.940 26868 26868 D LifecycleMonitor: Lifecycle status change: com.pedro.gestaoresiduos.ui.educativo.EducativoActivity@90786bd in: STARTED
11-12 23:46:36.944 26868 26918 D EGL_emulation: app_time_stats: avg=42.17ms min=4.20ms max=445.06ms count=25
11-12 23:46:36.947 26868 26868 V ActivityScenario: Activity lifecycle changed event received but ignored because the intent does not match. startActivityIntent=Intent { act=android.intent.action.MAIN cat=[android.intent.category.LAUNCHER] flg=0x10008000 cmp=com.pedro.gestaoresiduos/.ui.login.LoginActivity }, activity.getIntent()=Intent { cmp=com.pedro.gestaoresiduos/.ui.educativo.EducativoActivity }, activity=com.pedro.gestaoresiduos.ui.educativo.EducativoActivity@90786bd
11-12 23:46:36.953 26868 26868 D LifecycleMonitor: Lifecycle status change: com.pedro.gestaoresiduos.ui.educativo.EducativoActivity@90786bd in: RESUMED
11-12 23:46:36.956 26868 26868 V ActivityScenario: Activity lifecycle changed event received but ignored because the intent does not match. startActivityIntent=Intent { act=android.intent.action.MAIN cat=[android.intent.category.LAUNCHER] flg=0x10008000 cmp=com.pedro.gestaoresiduos/.ui.login.LoginActivity }, activity.getIntent()=Intent { cmp=com.pedro.gestaoresiduos/.ui.educativo.EducativoActivity }, activity=com.pedro.gestaoresiduos.ui.educativo.EducativoActivity@90786bd
11-12 23:46:37.183 26868 26918 E OpenGLRenderer: Unable to match the desired swap behavior.
11-12 23:46:37.391   594   631 I ActivityTaskManager: Displayed com.pedro.gestaoresiduos/.ui.educativo.EducativoActivity for user 0: +717ms
11-12 23:46:37.533 26868 26868 D LifecycleMonitor: Lifecycle status change: com.pedro.gestaoresiduos.ui.login.LoginActivity@6e9729f in: STOPPED
11-12 23:46:37.537 26868 26868 V ActivityScenario: Update currentActivityStage to STOPPED, currentActivity=com.pedro.gestaoresiduos.ui.login.LoginActivity@6e9729f
11-12 23:46:37.550 26868 26868 D AutofillManager: onActivityFinishing(): calling cancelLocked()
11-12 23:46:37.554 26868 26868 D LifecycleMonitor: Lifecycle status change: com.pedro.gestaoresiduos.ui.login.LoginActivity@6e9729f in: DESTROYED
11-12 23:46:37.556 26868 26868 V ActivityScenario: Update currentActivityStage to DESTROYED, currentActivity=null
11-12 23:46:37.558 26868 26868 W WindowOnBackDispatcher: sendCancelIfRunning: isInProgress=falsecallback=android.view.ViewRootImpl$$ExternalSyntheticLambda17@f6a201a
11-12 23:46:37.570   594  1699 W InputManager-JNI: Input channel object '23e75dd com.pedro.gestaoresiduos/com.pedro.gestaoresiduos.ui.login.LoginActivity (client)' was disposed without first being removed with the input manager!
11-12 23:46:37.707   594   729 I ImeTracker: com.pedro.gestaoresiduos:82a45d08: onRequestHide at ORIGIN_SERVER_HIDE_INPUT reason HIDE_UNSPECIFIED_WINDOW
11-12 23:46:37.708   594   729 I ImeTracker: com.pedro.gestaoresiduos:82a45d08: onCancelled at PHASE_SERVER_SHOULD_HIDE
11-12 23:46:37.712  1513  1513 I GoogleInputMethodService: GoogleInputMethodService.onFinishInput():3227
11-12 23:46:37.730  1513  1513 I GoogleInputMethodService: GoogleInputMethodService.updateDeviceLockedStatus():2087 repeatCheckTimes = 0, unlocked = true
11-12 23:46:37.738  1513  1513 I GoogleInputMethodService: GoogleInputMethodService.onStartInput():1877 onStartInput(EditorInfo{inputType=0x0(NULL) imeOptions=0x0 privateImeOptions=null actionName=UNSPECIFIED actionLabel=null actionId=0 initialSelStart=-1 initialSelEnd=-1 initialCapsMode=0x0 hintText=null label=null packageName=com.pedro.gestaoresiduos fieldId=0 fieldName=null extras=null}, false)
11-12 23:46:37.740  1513  1513 I GoogleInputMethodService: GoogleInputMethodService.shouldHideHeaderOnInitialState():4008 ShouldHideHeaderOnInitialState = false
11-12 23:46:37.744  1513  1513 I GoogleInputMethodService: GoogleInputMethodService.updateDeviceLockedStatus():2087 repeatCheckTimes = 2, unlocked = true
11-12 23:46:37.870 26868 26868 I ViewInteraction: Checking 'MatchesViewAssertion{viewMatcher=(view has effective visibility <VISIBLE> and view.getGlobalVisibleRect() to return non-empty rectangle)}' assertion on view an instance of android.widget.TextView and view.getText() with or without transformation to match: a string containing "Tijucas"
11-12 23:46:37.883 26868 26916 I TestRunner: finished: verificarFluxoAposMudancas(com.pedro.gestaoresiduos.RegressaoUiTest)
